[INFO] Scanning for projects...
[INFO] 
[INFO] -----------------------< com.xxxx:SystemVotting >-----------------------
[INFO] Building SystemVotting 0.0.1-SNAPSHOT
[INFO]   from pom.xml
[INFO] --------------------------------[ jar ]---------------------------------
[INFO] 
[INFO] --- clean:3.4.0:clean (default-clean) @ SystemVotting ---
[INFO] Deleting /home/guyguy/IdeaProjects/SystemVotting/target
[INFO] 
[INFO] --- resources:3.3.1:resources (default-resources) @ SystemVotting ---
[INFO] Copying 1 resource from src/main/resources to target/classes
[INFO] Copying 0 resource from src/main/resources to target/classes
[INFO] 
[INFO] --- compiler:3.13.0:compile (default-compile) @ SystemVotting ---
[INFO] Recompiling the module because of changed source code.
[INFO] Compiling 49 source files with javac [debug parameters release 21] to target/classes
[WARNING] /home/guyguy/IdeaProjects/SystemVotting/src/main/java/com/xxxx/systemvotting/modules/user/mapper/UserMapper.java:[13,10] Unmapped target properties: "id, role, createdAt, updatedAt".
[WARNING] /home/guyguy/IdeaProjects/SystemVotting/src/main/java/com/xxxx/systemvotting/modules/poll/mapper/PollMapper.java:[21,10] Unmapped target properties: "id, createdAt, updatedAt".
[WARNING] /home/guyguy/IdeaProjects/SystemVotting/src/main/java/com/xxxx/systemvotting/modules/poll/mapper/PollMapper.java:[27,12] Unmapped target properties: "id, voteCount, poll".
[WARNING] /home/guyguy/IdeaProjects/SystemVotting/src/main/java/com/xxxx/systemvotting/modules/vote/mapper/VoteMapper.java:[16,10] Unmapped target properties: "id, createdAt".
[INFO] 
[INFO] --- resources:3.3.1:testResources (default-testResources) @ SystemVotting ---
[INFO] skip non existing resourceDirectory /home/guyguy/IdeaProjects/SystemVotting/src/test/resources
[INFO] 
[INFO] --- compiler:3.13.0:testCompile (default-testCompile) @ SystemVotting ---
[INFO] Recompiling the module because of changed dependency.
[INFO] Compiling 1 source file with javac [debug parameters release 21] to target/test-classes
[INFO] 
[INFO] --- surefire:3.5.2:test (default-test) @ SystemVotting ---
[INFO] Tests are skipped.
[INFO] 
[INFO] --- jar:3.4.2:jar (default-jar) @ SystemVotting ---
[INFO] Building jar: /home/guyguy/IdeaProjects/SystemVotting/target/SystemVotting-0.0.1-SNAPSHOT.jar
[INFO] 
[INFO] --- spring-boot:3.4.0:repackage (repackage) @ SystemVotting ---
[INFO] Replacing main artifact /home/guyguy/IdeaProjects/SystemVotting/target/SystemVotting-0.0.1-SNAPSHOT.jar with repackaged archive, adding nested dependencies in BOOT-INF/.
[INFO] The original artifact has been renamed to /home/guyguy/IdeaProjects/SystemVotting/target/SystemVotting-0.0.1-SNAPSHOT.jar.original
[INFO] ------------------------------------------------------------------------
[INFO] BUILD SUCCESS
[INFO] ------------------------------------------------------------------------
[INFO] Total time:  3.487 s
[INFO] Finished at: 2026-03-06T08:06:14+07:00
[INFO] ------------------------------------------------------------------------
